
> Task :compileJava
/Users/kangjiseok/Desktop/PortMatch/Backend/src/main/java/com/portmatch/domain/jobposting/entity/JobPostingEntity.java:75: warning: @Builder will ignore the initializing expression entirely. If you want the initializing expression to serve as default, add @Builder.Default. If it is not supposed to be settable during building, make the field final.
    private List<ScrapEntity> scraps = new ArrayList<>();
                              ^
1 warning

> Task :processResources
> Task :classes
> Task :compileTestJava
> Task :processTestResources
> Task :testClasses
OpenJDK 64-Bit Server VM warning: Sharing is only supported for boot loader classes because bootstrap classpath has been appended

> Task :test

JobPostingViewCountConcurrencyTest > concurrentThousand(RepetitionInfo) > repetition 1 of 10 FAILED
    org.opentest4j.AssertionFailedError at JobPostingViewCountConcurrencyTest.java:169

JobPostingViewCountConcurrencyTest > concurrentThousand(RepetitionInfo) > repetition 2 of 10 FAILED
    org.opentest4j.AssertionFailedError at JobPostingViewCountConcurrencyTest.java:169

JobPostingViewCountConcurrencyTest > concurrentThousand(RepetitionInfo) > repetition 3 of 10 FAILED
    org.opentest4j.AssertionFailedError at JobPostingViewCountConcurrencyTest.java:169

JobPostingViewCountConcurrencyTest > concurrentThousand(RepetitionInfo) > repetition 4 of 10 FAILED
    org.opentest4j.AssertionFailedError at JobPostingViewCountConcurrencyTest.java:169

JobPostingViewCountConcurrencyTest > concurrentThousand(RepetitionInfo) > repetition 5 of 10 FAILED
    org.opentest4j.AssertionFailedError at JobPostingViewCountConcurrencyTest.java:169

JobPostingViewCountConcurrencyTest > concurrentThousand(RepetitionInfo) > repetition 6 of 10 FAILED
    org.opentest4j.AssertionFailedError at JobPostingViewCountConcurrencyTest.java:169

JobPostingViewCountConcurrencyTest > concurrentThousand(RepetitionInfo) > repetition 7 of 10 FAILED
    org.opentest4j.AssertionFailedError at JobPostingViewCountConcurrencyTest.java:169

JobPostingViewCountConcurrencyTest > concurrentThousand(RepetitionInfo) > repetition 8 of 10 FAILED
    org.opentest4j.AssertionFailedError at JobPostingViewCountConcurrencyTest.java:169

JobPostingViewCountConcurrencyTest > concurrentThousand(RepetitionInfo) > repetition 9 of 10 FAILED
    org.opentest4j.AssertionFailedError at JobPostingViewCountConcurrencyTest.java:169

JobPostingViewCountConcurrencyTest > concurrentThousand(RepetitionInfo) > repetition 10 of 10 FAILED
    org.opentest4j.AssertionFailedError at JobPostingViewCountConcurrencyTest.java:169

JobPostingViewCountConcurrencyTest > deterministicPair(RepetitionInfo) > repetition 1 of 20 FAILED
    org.opentest4j.AssertionFailedError at JobPostingViewCountConcurrencyTest.java:169

JobPostingViewCountConcurrencyTest > deterministicPair(RepetitionInfo) > repetition 2 of 20 FAILED
    org.opentest4j.AssertionFailedError at JobPostingViewCountConcurrencyTest.java:169

JobPostingViewCountConcurrencyTest > deterministicPair(RepetitionInfo) > repetition 3 of 20 FAILED
    org.opentest4j.AssertionFailedError at JobPostingViewCountConcurrencyTest.java:169

JobPostingViewCountConcurrencyTest > deterministicPair(RepetitionInfo) > repetition 4 of 20 FAILED
    org.opentest4j.AssertionFailedError at JobPostingViewCountConcurrencyTest.java:169

JobPostingViewCountConcurrencyTest > deterministicPair(RepetitionInfo) > repetition 5 of 20 FAILED
    org.opentest4j.AssertionFailedError at JobPostingViewCountConcurrencyTest.java:169

JobPostingViewCountConcurrencyTest > deterministicPair(RepetitionInfo) > repetition 6 of 20 FAILED
    org.opentest4j.AssertionFailedError at JobPostingViewCountConcurrencyTest.java:169

JobPostingViewCountConcurrencyTest > deterministicPair(RepetitionInfo) > repetition 7 of 20 FAILED
    org.opentest4j.AssertionFailedError at JobPostingViewCountConcurrencyTest.java:169

JobPostingViewCountConcurrencyTest > deterministicPair(RepetitionInfo) > repetition 8 of 20 FAILED
    org.opentest4j.AssertionFailedError at JobPostingViewCountConcurrencyTest.java:169

JobPostingViewCountConcurrencyTest > deterministicPair(RepetitionInfo) > repetition 9 of 20 FAILED
    org.opentest4j.AssertionFailedError at JobPostingViewCountConcurrencyTest.java:169

JobPostingViewCountConcurrencyTest > deterministicPair(RepetitionInfo) > repetition 10 of 20 FAILED
    org.opentest4j.AssertionFailedError at JobPostingViewCountConcurrencyTest.java:169

JobPostingViewCountConcurrencyTest > deterministicPair(RepetitionInfo) > repetition 11 of 20 FAILED
    org.opentest4j.AssertionFailedError at JobPostingViewCountConcurrencyTest.java:169

JobPostingViewCountConcurrencyTest > deterministicPair(RepetitionInfo) > repetition 12 of 20 FAILED
    org.opentest4j.AssertionFailedError at JobPostingViewCountConcurrencyTest.java:169

JobPostingViewCountConcurrencyTest > deterministicPair(RepetitionInfo) > repetition 13 of 20 FAILED
    org.opentest4j.AssertionFailedError at JobPostingViewCountConcurrencyTest.java:169

JobPostingViewCountConcurrencyTest > deterministicPair(RepetitionInfo) > repetition 14 of 20 FAILED
    org.opentest4j.AssertionFailedError at JobPostingViewCountConcurrencyTest.java:169

JobPostingViewCountConcurrencyTest > deterministicPair(RepetitionInfo) > repetition 15 of 20 FAILED
    org.opentest4j.AssertionFailedError at JobPostingViewCountConcurrencyTest.java:169

JobPostingViewCountConcurrencyTest > deterministicPair(RepetitionInfo) > repetition 16 of 20 FAILED
    org.opentest4j.AssertionFailedError at JobPostingViewCountConcurrencyTest.java:169

JobPostingViewCountConcurrencyTest > deterministicPair(RepetitionInfo) > repetition 17 of 20 FAILED
    org.opentest4j.AssertionFailedError at JobPostingViewCountConcurrencyTest.java:169

JobPostingViewCountConcurrencyTest > deterministicPair(RepetitionInfo) > repetition 18 of 20 FAILED
    org.opentest4j.AssertionFailedError at JobPostingViewCountConcurrencyTest.java:169

JobPostingViewCountConcurrencyTest > deterministicPair(RepetitionInfo) > repetition 19 of 20 FAILED
    org.opentest4j.AssertionFailedError at JobPostingViewCountConcurrencyTest.java:169

JobPostingViewCountConcurrencyTest > deterministicPair(RepetitionInfo) > repetition 20 of 20 FAILED
    org.opentest4j.AssertionFailedError at JobPostingViewCountConcurrencyTest.java:169

2026-09-26T02:50:29.617+09:00  INFO 97736 --- [ionShutdownHook] j.LocalContainerEntityManagerFactoryBean : Closing JPA EntityManagerFactory for persistence unit 'default'
2026-09-26T02:50:29.620+09:00  INFO 97736 --- [ionShutdownHook] com.zaxxer.hikari.HikariDataSource       : HikariPool-1 - Shutdown initiated...
2026-09-26T02:50:29.623+09:00  INFO 97736 --- [ionShutdownHook] com.zaxxer.hikari.HikariDataSource       : HikariPool-1 - Shutdown completed.

> Task :test FAILED

31 tests completed, 30 failed

[Incubating] Problems report is available at: file:///Users/kangjiseok/Desktop/PortMatch/Backend/build/reports/problems/problems-report.html

FAILURE: Build failed with an exception.

* What went wrong:
Execution failed for task ':test'.
> There were failing tests. See the report at: file:///Users/kangjiseok/Desktop/PortMatch/Backend/build/reports/tests/test/index.html

* Try:
> Run with --scan to get full insights.

Deprecated Gradle features were used in this build, making it incompatible with Gradle 9.0.

You can use '--warning-mode all' to show the individual deprecation warnings and determine if they come from your own scripts or plugins.

For more on this, please refer to https://docs.gradle.org/8.14.3/userguide/command_line_interface.html#sec:command_line_warnings in the Gradle documentation.

BUILD FAILED in 17s
5 actionable tasks: 5 executed
