2026-09-26T02:50:28.799+09:00  INFO 97736 --- [    Test worker] o.s.mock.web.MockServletContext          : Initializing Spring TestDispatcherServlet ''
2026-09-26T02:50:28.799+09:00  INFO 97736 --- [    Test worker] o.s.t.web.servlet.TestDispatcherServlet  : Initializing Servlet ''
2026-09-26T02:50:28.799+09:00  INFO 97736 --- [    Test worker] o.s.t.web.servlet.TestDispatcherServlet  : Completed initialization in 0 ms
2026-09-26T02:50:28.803+09:00 DEBUG 97736 --- [ool-12-thread-1] d.j.JobPostingViewCountConcurrencyTest$1 : Opening JPA EntityManager in OpenEntityManagerInViewFilter
2026-09-26T02:50:28.803+09:00 DEBUG 97736 --- [ool-12-thread-2] d.j.JobPostingViewCountConcurrencyTest$1 : Opening JPA EntityManager in OpenEntityManagerInViewFilter
2026-09-26T02:50:28.804+09:00 DEBUG 97736 --- [ool-12-thread-2] o.s.orm.jpa.JpaTransactionManager        : Found thread-bound EntityManager [SessionImpl(328083191<open>)] for JPA transaction
2026-09-26T02:50:28.804+09:00 DEBUG 97736 --- [ool-12-thread-2] o.s.orm.jpa.JpaTransactionManager        : Creating new transaction with name [com.portmatch.domain.jobposting.service.JobPostingServiceImpl.updateViewCount]: PROPAGATION_REQUIRED,ISOLATION_DEFAULT
2026-09-26T02:50:28.804+09:00 DEBUG 97736 --- [ool-12-thread-1] o.s.orm.jpa.JpaTransactionManager        : Found thread-bound EntityManager [SessionImpl(1405336870<open>)] for JPA transaction
2026-09-26T02:50:28.804+09:00 DEBUG 97736 --- [ool-12-thread-2] o.s.orm.jpa.JpaTransactionManager        : Exposing JPA transaction as JDBC [org.springframework.orm.jpa.vendor.HibernateJpaDialect$HibernateConnectionHandle@1d49caf6]
2026-09-26T02:50:28.804+09:00 DEBUG 97736 --- [ool-12-thread-1] o.s.orm.jpa.JpaTransactionManager        : Creating new transaction with name [com.portmatch.domain.jobposting.service.JobPostingServiceImpl.updateViewCount]: PROPAGATION_REQUIRED,ISOLATION_DEFAULT
2026-09-26T02:50:28.804+09:00 DEBUG 97736 --- [ool-12-thread-1] o.s.orm.jpa.JpaTransactionManager        : Exposing JPA transaction as JDBC [org.springframework.orm.jpa.vendor.HibernateJpaDialect$HibernateConnectionHandle@5d04492e]
2026-09-26T02:50:28.805+09:00 DEBUG 97736 --- [ool-12-thread-1] o.s.orm.jpa.JpaTransactionManager        : Found thread-bound EntityManager [SessionImpl(1405336870<open>)] for JPA transaction
2026-09-26T02:50:28.805+09:00 DEBUG 97736 --- [ool-12-thread-1] o.s.orm.jpa.JpaTransactionManager        : Participating in existing transaction
2026-09-26T02:50:28.805+09:00 DEBUG 97736 --- [ool-12-thread-2] o.s.orm.jpa.JpaTransactionManager        : Found thread-bound EntityManager [SessionImpl(328083191<open>)] for JPA transaction
2026-09-26T02:50:28.805+09:00 DEBUG 97736 --- [ool-12-thread-2] o.s.orm.jpa.JpaTransactionManager        : Participating in existing transaction
2026-09-26T02:50:28.806+09:00 DEBUG 97736 --- [ool-12-thread-2] org.hibernate.SQL                        : 
    select
        jpe1_0.id,
        jpe1_0.active,
        jpe1_0.cid,
        jpe1_0.detail,
        jpe1_0.end_date,
        jpe1_0.job_type,
        jpe1_0.start_date,
        jpe1_0.title,
        jpe1_0.vcnt 
    from
        job_postings jpe1_0 
    where
        jpe1_0.id=?
2026-09-26T02:50:28.806+09:00 DEBUG 97736 --- [ool-12-thread-1] org.hibernate.SQL                        : 
    select
        jpe1_0.id,
        jpe1_0.active,
        jpe1_0.cid,
        jpe1_0.detail,
        jpe1_0.end_date,
        jpe1_0.job_type,
        jpe1_0.start_date,
        jpe1_0.title,
        jpe1_0.vcnt 
    from
        job_postings jpe1_0 
    where
        jpe1_0.id=?
2026-09-26T02:50:28.807+09:00 TRACE 97736 --- [ool-12-thread-2] org.hibernate.orm.jdbc.bind              : binding parameter (1:BIGINT) <- [12]
2026-09-26T02:50:28.806+09:00 TRACE 97736 --- [ool-12-thread-1] org.hibernate.orm.jdbc.bind              : binding parameter (1:BIGINT) <- [12]
2026-09-26T02:50:28.811+09:00 DEBUG 97736 --- [ool-12-thread-1] o.s.orm.jpa.JpaTransactionManager        : Initiating transaction commit
2026-09-26T02:50:28.811+09:00 DEBUG 97736 --- [ool-12-thread-2] o.s.orm.jpa.JpaTransactionManager        : Initiating transaction commit
2026-09-26T02:50:28.812+09:00 DEBUG 97736 --- [ool-12-thread-2] o.s.orm.jpa.JpaTransactionManager        : Committing JPA transaction on EntityManager [SessionImpl(328083191<open>)]
2026-09-26T02:50:28.812+09:00 DEBUG 97736 --- [ool-12-thread-1] o.s.orm.jpa.JpaTransactionManager        : Committing JPA transaction on EntityManager [SessionImpl(1405336870<open>)]
2026-09-26T02:50:28.813+09:00 DEBUG 97736 --- [ool-12-thread-2] org.hibernate.SQL                        : 
    update
        job_postings 
    set
        active=?,
        cid=?,
        detail=?,
        end_date=?,
        job_type=?,
        start_date=?,
        title=?,
        vcnt=? 
    where
        id=?
2026-09-26T02:50:28.813+09:00 DEBUG 97736 --- [ool-12-thread-1] org.hibernate.SQL                        : 
    update
        job_postings 
    set
        active=?,
        cid=?,
        detail=?,
        end_date=?,
        job_type=?,
        start_date=?,
        title=?,
        vcnt=? 
    where
        id=?
2026-09-26T02:50:28.819+09:00 TRACE 97736 --- [ool-12-thread-2] org.hibernate.orm.jdbc.bind              : binding parameter (1:INTEGER) <- [1]
2026-09-26T02:50:28.819+09:00 TRACE 97736 --- [ool-12-thread-1] org.hibernate.orm.jdbc.bind              : binding parameter (1:INTEGER) <- [1]
2026-09-26T02:50:28.819+09:00 TRACE 97736 --- [ool-12-thread-2] org.hibernate.orm.jdbc.bind              : binding parameter (2:VARCHAR) <- [null]
2026-09-26T02:50:28.819+09:00 TRACE 97736 --- [ool-12-thread-1] org.hibernate.orm.jdbc.bind              : binding parameter (2:VARCHAR) <- [null]
2026-09-26T02:50:28.819+09:00 TRACE 97736 --- [ool-12-thread-2] org.hibernate.orm.jdbc.bind              : binding parameter (3:VARCHAR) <- [unchanged]
2026-09-26T02:50:28.819+09:00 TRACE 97736 --- [ool-12-thread-1] org.hibernate.orm.jdbc.bind              : binding parameter (3:VARCHAR) <- [unchanged]
2026-09-26T02:50:28.819+09:00 TRACE 97736 --- [ool-12-thread-1] org.hibernate.orm.jdbc.bind              : binding parameter (4:VARCHAR) <- [null]
2026-09-26T02:50:28.819+09:00 TRACE 97736 --- [ool-12-thread-2] org.hibernate.orm.jdbc.bind              : binding parameter (4:VARCHAR) <- [null]
2026-09-26T02:50:28.819+09:00 TRACE 97736 --- [ool-12-thread-1] org.hibernate.orm.jdbc.bind              : binding parameter (5:INTEGER) <- [2]
2026-09-26T02:50:28.819+09:00 TRACE 97736 --- [ool-12-thread-1] org.hibernate.orm.jdbc.bind              : binding parameter (6:VARCHAR) <- [null]
2026-09-26T02:50:28.819+09:00 TRACE 97736 --- [ool-12-thread-2] org.hibernate.orm.jdbc.bind              : binding parameter (5:INTEGER) <- [2]
2026-09-26T02:50:28.819+09:00 TRACE 97736 --- [ool-12-thread-2] org.hibernate.orm.jdbc.bind              : binding parameter (6:VARCHAR) <- [null]
2026-09-26T02:50:28.819+09:00 TRACE 97736 --- [ool-12-thread-2] org.hibernate.orm.jdbc.bind              : binding parameter (7:VARCHAR) <- [concurrency-fixture]
2026-09-26T02:50:28.819+09:00 TRACE 97736 --- [ool-12-thread-1] org.hibernate.orm.jdbc.bind              : binding parameter (7:VARCHAR) <- [concurrency-fixture]
2026-09-26T02:50:28.819+09:00 TRACE 97736 --- [ool-12-thread-1] org.hibernate.orm.jdbc.bind              : binding parameter (8:INTEGER) <- [101]
2026-09-26T02:50:28.819+09:00 TRACE 97736 --- [ool-12-thread-1] org.hibernate.orm.jdbc.bind              : binding parameter (9:BIGINT) <- [12]
2026-09-26T02:50:28.819+09:00 TRACE 97736 --- [ool-12-thread-2] org.hibernate.orm.jdbc.bind              : binding parameter (8:INTEGER) <- [101]
2026-09-26T02:50:28.819+09:00 TRACE 97736 --- [ool-12-thread-2] org.hibernate.orm.jdbc.bind              : binding parameter (9:BIGINT) <- [12]
2026-09-26T02:50:28.820+09:00 DEBUG 97736 --- [ool-12-thread-1] o.s.orm.jpa.JpaTransactionManager        : Not closing pre-bound JPA EntityManager after transaction
2026-09-26T02:50:28.820+09:00 DEBUG 97736 --- [ool-12-thread-1] o.s.orm.jpa.JpaTransactionManager        : Found thread-bound EntityManager [SessionImpl(1405336870<open>)] for JPA transaction
2026-09-26T02:50:28.820+09:00 DEBUG 97736 --- [ool-12-thread-1] o.s.orm.jpa.JpaTransactionManager        : Creating new transaction with name [org.springframework.data.jpa.repository.support.SimpleJpaRepository.findById]: PROPAGATION_REQUIRED,ISOLATION_DEFAULT,readOnly
2026-09-26T02:50:28.820+09:00 DEBUG 97736 --- [ool-12-thread-1] o.s.orm.jpa.JpaTransactionManager        : Exposing JPA transaction as JDBC [org.springframework.orm.jpa.vendor.HibernateJpaDialect$HibernateConnectionHandle@3ff61cb2]
2026-09-26T02:50:28.820+09:00 DEBUG 97736 --- [ool-12-thread-1] o.s.orm.jpa.JpaTransactionManager        : Initiating transaction commit
2026-09-26T02:50:28.821+09:00 DEBUG 97736 --- [ool-12-thread-1] o.s.orm.jpa.JpaTransactionManager        : Committing JPA transaction on EntityManager [SessionImpl(1405336870<open>)]
2026-09-26T02:50:28.821+09:00 DEBUG 97736 --- [ool-12-thread-1] o.s.orm.jpa.JpaTransactionManager        : Not closing pre-bound JPA EntityManager after transaction
2026-09-26T02:50:28.821+09:00 DEBUG 97736 --- [ool-12-thread-1] org.hibernate.SQL                        : 
    select
        ts1_0.job_posting_id,
        ts1_0.id,
        ts1_0.stack_id 
    from
        posting_stacks ts1_0 
    where
        ts1_0.job_posting_id=?
2026-09-26T02:50:28.821+09:00 TRACE 97736 --- [ool-12-thread-1] org.hibernate.orm.jdbc.bind              : binding parameter (1:BIGINT) <- [12]
2026-09-26T02:50:28.821+09:00 DEBUG 97736 --- [ool-12-thread-2] o.s.orm.jpa.JpaTransactionManager        : Not closing pre-bound JPA EntityManager after transaction
2026-09-26T02:50:28.821+09:00 DEBUG 97736 --- [ool-12-thread-2] o.s.orm.jpa.JpaTransactionManager        : Found thread-bound EntityManager [SessionImpl(328083191<open>)] for JPA transaction
2026-09-26T02:50:28.821+09:00 DEBUG 97736 --- [ool-12-thread-2] o.s.orm.jpa.JpaTransactionManager        : Creating new transaction with name [org.springframework.data.jpa.repository.support.SimpleJpaRepository.findById]: PROPAGATION_REQUIRED,ISOLATION_DEFAULT,readOnly
2026-09-26T02:50:28.821+09:00 DEBUG 97736 --- [ool-12-thread-2] o.s.orm.jpa.JpaTransactionManager        : Exposing JPA transaction as JDBC [org.springframework.orm.jpa.vendor.HibernateJpaDialect$HibernateConnectionHandle@3cd033aa]
2026-09-26T02:50:28.821+09:00 DEBUG 97736 --- [ool-12-thread-2] o.s.orm.jpa.JpaTransactionManager        : Initiating transaction commit
2026-09-26T02:50:28.821+09:00 DEBUG 97736 --- [ool-12-thread-2] o.s.orm.jpa.JpaTransactionManager        : Committing JPA transaction on EntityManager [SessionImpl(328083191<open>)]
2026-09-26T02:50:28.821+09:00 DEBUG 97736 --- [ool-12-thread-2] o.s.orm.jpa.JpaTransactionManager        : Not closing pre-bound JPA EntityManager after transaction
2026-09-26T02:50:28.821+09:00 DEBUG 97736 --- [ool-12-thread-2] org.hibernate.SQL                        : 
    select
        ts1_0.job_posting_id,
        ts1_0.id,
        ts1_0.stack_id 
    from
        posting_stacks ts1_0 
    where
        ts1_0.job_posting_id=?
2026-09-26T02:50:28.821+09:00 TRACE 97736 --- [ool-12-thread-2] org.hibernate.orm.jdbc.bind              : binding parameter (1:BIGINT) <- [12]
2026-09-26T02:50:28.823+09:00 DEBUG 97736 --- [ool-12-thread-1] d.j.JobPostingViewCountConcurrencyTest$1 : Closing JPA EntityManager in OpenEntityManagerInViewFilter
2026-09-26T02:50:28.823+09:00 DEBUG 97736 --- [ool-12-thread-2] d.j.JobPostingViewCountConcurrencyTest$1 : Closing JPA EntityManager in OpenEntityManagerInViewFilter
VIEW_COUNT_RESULT pair,1,100,2,2,2,0,102,101,1,false
INDEPENDENT_TX session=9c094b54-f129-4e0c-8917-9fb0ec0bed4d pid=70 txid=10768 previous=100
INDEPENDENT_TX session=5497b6af-bac6-4ee8-b1ce-33b9a68632b8 pid=69 txid=10767 previous=100
